Archive member included to satisfy reference by file (symbol)

/Applications/ARM/bin/../lib/gcc/arm-none-eabi/10.3.1/thumb/v6-m/nofp/libgcc.a(_udivsi3.o)
                              CMakeFiles/firmware.elf.dir/Core/Src/system_stm32l0xx.c.obj (__aeabi_uidiv)
/Applications/ARM/bin/../lib/gcc/arm-none-eabi/10.3.1/thumb/v6-m/nofp/libgcc.a(_dvmd_tls.o)
                              /Applications/ARM/bin/../lib/gcc/arm-none-eabi/10.3.1/thumb/v6-m/nofp/libgcc.a(_udivsi3.o) (__aeabi_idiv0)
/Applications/ARM/bin/../lib/gcc/arm-none-eabi/10.3.1/../../../../arm-none-eabi/lib/thumb/v6-m/nofp/libg.a(lib_a-errno.o)
                              CMakeFiles/firmware.elf.dir/Core/Src/syscalls.c.obj (__errno)
/Applications/ARM/bin/../lib/gcc/arm-none-eabi/10.3.1/../../../../arm-none-eabi/lib/thumb/v6-m/nofp/libg.a(lib_a-exit.o)
                              /Applications/ARM/bin/../lib/gcc/arm-none-eabi/10.3.1/../../../../arm-none-eabi/lib/thumb/v6-m/nofp/crt0.o (exit)
/Applications/ARM/bin/../lib/gcc/arm-none-eabi/10.3.1/../../../../arm-none-eabi/lib/thumb/v6-m/nofp/libg.a(lib_a-impure.o)
                              /Applications/ARM/bin/../lib/gcc/arm-none-eabi/10.3.1/../../../../arm-none-eabi/lib/thumb/v6-m/nofp/libg.a(lib_a-exit.o) (_global_impure_ptr)
/Applications/ARM/bin/../lib/gcc/arm-none-eabi/10.3.1/../../../../arm-none-eabi/lib/thumb/v6-m/nofp/libg.a(lib_a-init.o)
                              /Applications/ARM/bin/../lib/gcc/arm-none-eabi/10.3.1/../../../../arm-none-eabi/lib/thumb/v6-m/nofp/crt0.o (__libc_init_array)
/Applications/ARM/bin/../lib/gcc/arm-none-eabi/10.3.1/../../../../arm-none-eabi/lib/thumb/v6-m/nofp/libg.a(lib_a-memset.o)
                              /Applications/ARM/bin/../lib/gcc/arm-none-eabi/10.3.1/../../../../arm-none-eabi/lib/thumb/v6-m/nofp/crt0.o (memset)
/Applications/ARM/bin/../lib/gcc/arm-none-eabi/10.3.1/../../../../arm-none-eabi/lib/thumb/v6-m/nofp/libg.a(lib_a-__call_atexit.o)
                              /Applications/ARM/bin/../lib/gcc/arm-none-eabi/10.3.1/../../../../arm-none-eabi/lib/thumb/v6-m/nofp/libg.a(lib_a-exit.o) (__call_exitprocs)
/Applications/ARM/bin/../lib/gcc/arm-none-eabi/10.3.1/../../../../arm-none-eabi/lib/thumb/v6-m/nofp/libg.a(lib_a-atexit.o)
                              /Applications/ARM/bin/../lib/gcc/arm-none-eabi/10.3.1/../../../../arm-none-eabi/lib/thumb/v6-m/nofp/libg.a(lib_a-__call_atexit.o) (atexit)
/Applications/ARM/bin/../lib/gcc/arm-none-eabi/10.3.1/../../../../arm-none-eabi/lib/thumb/v6-m/nofp/libg.a(lib_a-fini.o)
                              /Applications/ARM/bin/../lib/gcc/arm-none-eabi/10.3.1/../../../../arm-none-eabi/lib/thumb/v6-m/nofp/libg.a(lib_a-__call_atexit.o) (__libc_fini_array)
/Applications/ARM/bin/../lib/gcc/arm-none-eabi/10.3.1/../../../../arm-none-eabi/lib/thumb/v6-m/nofp/libg.a(lib_a-lock.o)
                              /Applications/ARM/bin/../lib/gcc/arm-none-eabi/10.3.1/../../../../arm-none-eabi/lib/thumb/v6-m/nofp/libg.a(lib_a-__call_atexit.o) (__retarget_lock_acquire_recursive)
/Applications/ARM/bin/../lib/gcc/arm-none-eabi/10.3.1/../../../../arm-none-eabi/lib/thumb/v6-m/nofp/libg.a(lib_a-__atexit.o)
                              /Applications/ARM/bin/../lib/gcc/arm-none-eabi/10.3.1/../../../../arm-none-eabi/lib/thumb/v6-m/nofp/libg.a(lib_a-atexit.o) (__register_exitproc)

Discarded input sections

 .text          0x0000000000000000        0x0 /Applications/ARM/bin/../lib/gcc/arm-none-eabi/10.3.1/thumb/v6-m/nofp/crti.o
 .data          0x0000000000000000        0x0 /Applications/ARM/bin/../lib/gcc/arm-none-eabi/10.3.1/thumb/v6-m/nofp/crti.o
 .bss           0x0000000000000000        0x0 /Applications/ARM/bin/../lib/gcc/arm-none-eabi/10.3.1/thumb/v6-m/nofp/crti.o
 .data          0x0000000000000000        0x4 /Applications/ARM/bin/../lib/gcc/arm-none-eabi/10.3.1/thumb/v6-m/nofp/crtbegin.o
 .rodata        0x0000000000000000       0x24 /Applications/ARM/bin/../lib/gcc/arm-none-eabi/10.3.1/thumb/v6-m/nofp/crtbegin.o
 .text          0x0000000000000000       0x80 /Applications/ARM/bin/../lib/gcc/arm-none-eabi/10.3.1/../../../../arm-none-eabi/lib/thumb/v6-m/nofp/crt0.o
 .data          0x0000000000000000        0x0 /Applications/ARM/bin/../lib/gcc/arm-none-eabi/10.3.1/../../../../arm-none-eabi/lib/thumb/v6-m/nofp/crt0.o
 .bss           0x0000000000000000        0x0 /Applications/ARM/bin/../lib/gcc/arm-none-eabi/10.3.1/../../../../arm-none-eabi/lib/thumb/v6-m/nofp/crt0.o
 .ARM.extab     0x0000000000000000        0x0 /Applications/ARM/bin/../lib/gcc/arm-none-eabi/10.3.1/../../../../arm-none-eabi/lib/thumb/v6-m/nofp/crt0.o
 .ARM.exidx     0x0000000000000000       0x10 /Applications/ARM/bin/../lib/gcc/arm-none-eabi/10.3.1/../../../../arm-none-eabi/lib/thumb/v6-m/nofp/crt0.o
 .ARM.attributes
                0x0000000000000000       0x1b /Applications/ARM/bin/../lib/gcc/arm-none-eabi/10.3.1/../../../../arm-none-eabi/lib/thumb/v6-m/nofp/crt0.o
 .text          0x0000000000000000        0x0 CMakeFiles/firmware.elf.dir/Core/Src/main.c.obj
 .data          0x0000000000000000        0x0 CMakeFiles/firmware.elf.dir/Core/Src/main.c.obj
 .bss           0x0000000000000000        0x0 CMakeFiles/firmware.elf.dir/Core/Src/main.c.obj
 .text.Error_Handler
                0x0000000000000000        0x4 CMakeFiles/firmware.elf.dir/Core/Src/main.c.obj
 .text          0x0000000000000000        0x0 CMakeFiles/firmware.elf.dir/Core/Src/stm32l0xx_it.c.obj
 .data          0x0000000000000000        0x0 CMakeFiles/firmware.elf.dir/Core/Src/stm32l0xx_it.c.obj
 .bss           0x0000000000000000        0x0 CMakeFiles/firmware.elf.dir/Core/Src/stm32l0xx_it.c.obj
 .text          0x0000000000000000        0x0 CMakeFiles/firmware.elf.dir/Core/Src/syscalls.c.obj
 .data          0x0000000000000000        0x0 CMakeFiles/firmware.elf.dir/Core/Src/syscalls.c.obj
 .bss           0x0000000000000000        0x0 CMakeFiles/firmware.elf.dir/Core/Src/syscalls.c.obj
 .text.initialise_monitor_handles
                0x0000000000000000        0x2 CMakeFiles/firmware.elf.dir/Core/Src/syscalls.c.obj
 .text._getpid  0x0000000000000000        0x4 CMakeFiles/firmware.elf.dir/Core/Src/syscalls.c.obj
 .text._kill    0x0000000000000000       0x10 CMakeFiles/firmware.elf.dir/Core/Src/syscalls.c.obj
 .text._exit    0x0000000000000000        0xc CMakeFiles/firmware.elf.dir/Core/Src/syscalls.c.obj
 .text._read    0x0000000000000000       0x1c CMakeFiles/firmware.elf.dir/Core/Src/syscalls.c.obj
 .text._write   0x0000000000000000       0x1c CMakeFiles/firmware.elf.dir/Core/Src/syscalls.c.obj
 .text._close   0x0000000000000000        0x6 CMakeFiles/firmware.elf.dir/Core/Src/syscalls.c.obj
 .text._fstat   0x0000000000000000        0xa CMakeFiles/firmware.elf.dir/Core/Src/syscalls.c.obj
 .text._isatty  0x0000000000000000        0x4 CMakeFiles/firmware.elf.dir/Core/Src/syscalls.c.obj
 .text._lseek   0x0000000000000000        0x4 CMakeFiles/firmware.elf.dir/Core/Src/syscalls.c.obj
 .text._open    0x0000000000000000        0xa CMakeFiles/firmware.elf.dir/Core/Src/syscalls.c.obj
 .text._wait    0x0000000000000000       0x10 CMakeFiles/firmware.elf.dir/Core/Src/syscalls.c.obj
 .text._unlink  0x0000000000000000       0x10 CMakeFiles/firmware.elf.dir/Core/Src/syscalls.c.obj
 .text._times   0x0000000000000000        0x6 CMakeFiles/firmware.elf.dir/Core/Src/syscalls.c.obj
 .text._stat    0x0000000000000000        0xa CMakeFiles/firmware.elf.dir/Core/Src/syscalls.c.obj
 .text._link    0x0000000000000000       0x10 CMakeFiles/firmware.elf.dir/Core/Src/syscalls.c.obj
 .text._fork    0x0000000000000000       0x10 CMakeFiles/firmware.elf.dir/Core/Src/syscalls.c.obj
 .text._execve  0x0000000000000000       0x10 CMakeFiles/firmware.elf.dir/Core/Src/syscalls.c.obj
 .bss.__env     0x0000000000000000        0x4 CMakeFiles/firmware.elf.dir/Core/Src/syscalls.c.obj
 .data.environ  0x0000000000000000        0x4 CMakeFiles/firmware.elf.dir/Core/Src/syscalls.c.obj
 .debug_info    0x0000000000000000      0x7af CMakeFiles/firmware.elf.dir/Core/Src/syscalls.c.obj
 .debug_abbrev  0x0000000000000000      0x1a3 CMakeFiles/firmware.elf.dir/Core/Src/syscalls.c.obj
 .debug_loc     0x0000000000000000      0x3d0 CMakeFiles/firmware.elf.dir/Core/Src/syscalls.c.obj
 .debug_aranges
                0x0000000000000000       0xa8 CMakeFiles/firmware.elf.dir/Core/Src/syscalls.c.obj
 .debug_ranges  0x0000000000000000       0x98 CMakeFiles/firmware.elf.dir/Core/Src/syscalls.c.obj
 .debug_line    0x0000000000000000      0x3fb CMakeFiles/firmware.elf.dir/Core/Src/syscalls.c.obj
 .debug_str     0x0000000000000000      0x43b CMakeFiles/firmware.elf.dir/Core/Src/syscalls.c.obj
 .comment       0x0000000000000000       0x4a CMakeFiles/firmware.elf.dir/Core/Src/syscalls.c.obj
 .debug_frame   0x0000000000000000      0x184 CMakeFiles/firmware.elf.dir/Core/Src/syscalls.c.obj
 .ARM.attributes
                0x0000000000000000       0x2c CMakeFiles/firmware.elf.dir/Core/Src/syscalls.c.obj
 .text          0x0000000000000000        0x0 CMakeFiles/firmware.elf.dir/Core/Src/sysmem.c.obj
 .data          0x0000000000000000        0x0 CMakeFiles/firmware.elf.dir/Core/Src/sysmem.c.obj
 .bss           0x0000000000000000        0x0 CMakeFiles/firmware.elf.dir/Core/Src/sysmem.c.obj
 .text._sbrk    0x0000000000000000       0x48 CMakeFiles/firmware.elf.dir/Core/Src/sysmem.c.obj
 .bss.__sbrk_heap_end
                0x0000000000000000        0x4 CMakeFiles/firmware.elf.dir/Core/Src/sysmem.c.obj
 .debug_info    0x0000000000000000      0x17c CMakeFiles/firmware.elf.dir/Core/Src/sysmem.c.obj
 .debug_abbrev  0x0000000000000000       0xe7 CMakeFiles/firmware.elf.dir/Core/Src/sysmem.c.obj
 .debug_loc     0x0000000000000000       0x93 CMakeFiles/firmware.elf.dir/Core/Src/sysmem.c.obj
 .debug_aranges
                0x0000000000000000       0x20 CMakeFiles/firmware.elf.dir/Core/Src/sysmem.c.obj
 .debug_ranges  0x0000000000000000       0x10 CMakeFiles/firmware.elf.dir/Core/Src/sysmem.c.obj
 .debug_line    0x0000000000000000      0x18b CMakeFiles/firmware.elf.dir/Core/Src/sysmem.c.obj
 .debug_str     0x0000000000000000      0x267 CMakeFiles/firmware.elf.dir/Core/Src/sysmem.c.obj
 .comment       0x0000000000000000       0x4a CMakeFiles/firmware.elf.dir/Core/Src/sysmem.c.obj
 .debug_frame   0x0000000000000000       0x28 CMakeFiles/firmware.elf.dir/Core/Src/sysmem.c.obj
 .ARM.attributes
                0x0000000000000000       0x2c CMakeFiles/firmware.elf.dir/Core/Src/sysmem.c.obj
 .text          0x0000000000000000        0x0 CMakeFiles/firmware.elf.dir/Core/Src/system_stm32l0xx.c.obj
 .data          0x0000000000000000        0x0 CMakeFiles/firmware.elf.dir/Core/Src/system_stm32l0xx.c.obj
 .bss           0x0000000000000000        0x0 CMakeFiles/firmware.elf.dir/Core/Src/system_stm32l0xx.c.obj
 .text.SystemCoreClockUpdate
                0x0000000000000000       0xf0 CMakeFiles/firmware.elf.dir/Core/Src/system_stm32l0xx.c.obj
 .text          0x0000000000000000       0x14 CMakeFiles/firmware.elf.dir/Core/Startup/startup_stm32l073rztx.s.obj
 .data          0x0000000000000000        0x0 CMakeFiles/firmware.elf.dir/Core/Startup/startup_stm32l073rztx.s.obj
 .bss           0x0000000000000000        0x0 CMakeFiles/firmware.elf.dir/Core/Startup/startup_stm32l073rztx.s.obj
 .text          0x0000000000000000        0x0 CMakeFiles/firmware.elf.dir/Drivers/STM32L0xx_HAL_Driver/Src/stm32l0xx_ll_dma.c.obj
 .data          0x0000000000000000        0x0 CMakeFiles/firmware.elf.dir/Drivers/STM32L0xx_HAL_Driver/Src/stm32l0xx_ll_dma.c.obj
 .bss           0x0000000000000000        0x0 CMakeFiles/firmware.elf.dir/Drivers/STM32L0xx_HAL_Driver/Src/stm32l0xx_ll_dma.c.obj
 .text.LL_DMA_DeInit
                0x0000000000000000      0x130 CMakeFiles/firmware.elf.dir/Drivers/STM32L0xx_HAL_Driver/Src/stm32l0xx_ll_dma.c.obj
 .text.LL_DMA_Init
                0x0000000000000000       0x64 CMakeFiles/firmware.elf.dir/Drivers/STM32L0xx_HAL_Driver/Src/stm32l0xx_ll_dma.c.obj
 .text.LL_DMA_StructInit
                0x0000000000000000       0x1a CMakeFiles/firmware.elf.dir/Drivers/STM32L0xx_HAL_Driver/Src/stm32l0xx_ll_dma.c.obj
 .rodata.CHANNEL_OFFSET_TAB
                0x0000000000000000        0x7 CMakeFiles/firmware.elf.dir/Drivers/STM32L0xx_HAL_Driver/Src/stm32l0xx_ll_dma.c.obj
 .debug_info    0x0000000000000000      0x93a CMakeFiles/firmware.elf.dir/Drivers/STM32L0xx_HAL_Driver/Src/stm32l0xx_ll_dma.c.obj
 .debug_abbrev  0x0000000000000000      0x268 CMakeFiles/firmware.elf.dir/Drivers/STM32L0xx_HAL_Driver/Src/stm32l0xx_ll_dma.c.obj
 .debug_loc     0x0000000000000000      0x5a0 CMakeFiles/firmware.elf.dir/Drivers/STM32L0xx_HAL_Driver/Src/stm32l0xx_ll_dma.c.obj
 .debug_aranges
                0x0000000000000000       0x30 CMakeFiles/firmware.elf.dir/Drivers/STM32L0xx_HAL_Driver/Src/stm32l0xx_ll_dma.c.obj
 .debug_ranges  0x0000000000000000       0xe0 CMakeFiles/firmware.elf.dir/Drivers/STM32L0xx_HAL_Driver/Src/stm32l0xx_ll_dma.c.obj
 .debug_line    0x0000000000000000      0x54d CMakeFiles/firmware.elf.dir/Drivers/STM32L0xx_HAL_Driver/Src/stm32l0xx_ll_dma.c.obj
 .debug_str     0x0000000000000000      0x5a6 CMakeFiles/firmware.elf.dir/Drivers/STM32L0xx_HAL_Driver/Src/stm32l0xx_ll_dma.c.obj
 .comment       0x0000000000000000       0x4a CMakeFiles/firmware.elf.dir/Drivers/STM32L0xx_HAL_Driver/Src/stm32l0xx_ll_dma.c.obj
 .debug_frame   0x0000000000000000       0x58 CMakeFiles/firmware.elf.dir/Drivers/STM32L0xx_HAL_Driver/Src/stm32l0xx_ll_dma.c.obj
 .ARM.attributes
                0x0000000000000000       0x2c CMakeFiles/firmware.elf.dir/Drivers/STM32L0xx_HAL_Driver/Src/stm32l0xx_ll_dma.c.obj
 .text          0x0000000000000000        0x0 CMakeFiles/firmware.elf.dir/Drivers/STM32L0xx_HAL_Driver/Src/stm32l0xx_ll_exti.c.obj
 .data          0x0000000000000000        0x0 CMakeFiles/firmware.elf.dir/Drivers/STM32L0xx_HAL_Driver/Src/stm32l0xx_ll_exti.c.obj
 .bss           0x0000000000000000        0x0 CMakeFiles/firmware.elf.dir/Drivers/STM32L0xx_HAL_Driver/Src/stm32l0xx_ll_exti.c.obj
 .text.LL_EXTI_DeInit
                0x0000000000000000       0x24 CMakeFiles/firmware.elf.dir/Drivers/STM32L0xx_HAL_Driver/Src/stm32l0xx_ll_exti.c.obj
 .text.LL_EXTI_StructInit
                0x0000000000000000        0xe CMakeFiles/firmware.elf.dir/Drivers/STM32L0xx_HAL_Driver/Src/stm32l0xx_ll_exti.c.obj
 .text          0x0000000000000000        0x0 CMakeFiles/firmware.elf.dir/Drivers/STM32L0xx_HAL_Driver/Src/stm32l0xx_ll_gpio.c.obj
 .data          0x0000000000000000        0x0 CMakeFiles/firmware.elf.dir/Drivers/STM32L0xx_HAL_Driver/Src/stm32l0xx_ll_gpio.c.obj
 .bss           0x0000000000000000        0x0 CMakeFiles/firmware.elf.dir/Drivers/STM32L0xx_HAL_Driver/Src/stm32l0xx_ll_gpio.c.obj
 .text.LL_GPIO_DeInit
                0x0000000000000000       0xbc CMakeFiles/firmware.elf.dir/Drivers/STM32L0xx_HAL_Driver/Src/stm32l0xx_ll_gpio.c.obj
 .text.LL_GPIO_StructInit
                0x0000000000000000       0x18 CMakeFiles/firmware.elf.dir/Drivers/STM32L0xx_HAL_Driver/Src/stm32l0xx_ll_gpio.c.obj
 .text          0x0000000000000000        0x0 CMakeFiles/firmware.elf.dir/Drivers/STM32L0xx_HAL_Driver/Src/stm32l0xx_ll_i2c.c.obj
 .data          0x0000000000000000        0x0 CMakeFiles/firmware.elf.dir/Drivers/STM32L0xx_HAL_Driver/Src/stm32l0xx_ll_i2c.c.obj
 .bss           0x0000000000000000        0x0 CMakeFiles/firmware.elf.dir/Drivers/STM32L0xx_HAL_Driver/Src/stm32l0xx_ll_i2c.c.obj
 .text.LL_I2C_DeInit
                0x0000000000000000       0x7c CMakeFiles/firmware.elf.dir/Drivers/STM32L0xx_HAL_Driver/Src/stm32l0xx_ll_i2c.c.obj
 .text.LL_I2C_StructInit
                0x0000000000000000       0x16 CMakeFiles/firmware.elf.dir/Drivers/STM32L0xx_HAL_Driver/Src/stm32l0xx_ll_i2c.c.obj
 .text          0x0000000000000000        0x0 CMakeFiles/firmware.elf.dir/Drivers/STM32L0xx_HAL_Driver/Src/stm32l0xx_ll_pwr.c.obj
 .data          0x0000000000000000        0x0 CMakeFiles/firmware.elf.dir/Drivers/STM32L0xx_HAL_Driver/Src/stm32l0xx_ll_pwr.c.obj
 .bss           0x0000000000000000        0x0 CMakeFiles/firmware.elf.dir/Drivers/STM32L0xx_HAL_Driver/Src/stm32l0xx_ll_pwr.c.obj
 .text.LL_PWR_DeInit
                0x0000000000000000       0x20 CMakeFiles/firmware.elf.dir/Drivers/STM32L0xx_HAL_Driver/Src/stm32l0xx_ll_pwr.c.obj
 .debug_info    0x0000000000000000      0x286 CMakeFiles/firmware.elf.dir/Drivers/STM32L0xx_HAL_Driver/Src/stm32l0xx_ll_pwr.c.obj
 .debug_abbrev  0x0000000000000000      0x127 CMakeFiles/firmware.elf.dir/Drivers/STM32L0xx_HAL_Driver/Src/stm32l0xx_ll_pwr.c.obj
 .debug_loc     0x0000000000000000       0x30 CMakeFiles/firmware.elf.dir/Drivers/STM32L0xx_HAL_Driver/Src/stm32l0xx_ll_pwr.c.obj
 .debug_aranges
                0x0000000000000000       0x20 CMakeFiles/firmware.elf.dir/Drivers/STM32L0xx_HAL_Driver/Src/stm32l0xx_ll_pwr.c.obj
 .debug_ranges  0x0000000000000000       0x10 CMakeFiles/firmware.elf.dir/Drivers/STM32L0xx_HAL_Driver/Src/stm32l0xx_ll_pwr.c.obj
 .debug_line    0x0000000000000000      0x213 CMakeFiles/firmware.elf.dir/Drivers/STM32L0xx_HAL_Driver/Src/stm32l0xx_ll_pwr.c.obj
 .debug_str     0x0000000000000000      0x2f3 CMakeFiles/firmware.elf.dir/Drivers/STM32L0xx_HAL_Driver/Src/stm32l0xx_ll_pwr.c.obj
 .comment       0x0000000000000000       0x4a CMakeFiles/firmware.elf.dir/Drivers/STM32L0xx_HAL_Driver/Src/stm32l0xx_ll_pwr.c.obj
 .debug_frame   0x0000000000000000       0x20 CMakeFiles/firmware.elf.dir/Drivers/STM32L0xx_HAL_Driver/Src/stm32l0xx_ll_pwr.c.obj
 .ARM.attributes
                0x0000000000000000       0x2c CMakeFiles/firmware.elf.dir/Drivers/STM32L0xx_HAL_Driver/Src/stm32l0xx_ll_pwr.c.obj
 .text          0x0000000000000000        0x0 CMakeFiles/firmware.elf.dir/Drivers/STM32L0xx_HAL_Driver/Src/stm32l0xx_ll_rcc.c.obj
 .data          0x0000000000000000        0x0 CMakeFiles/firmware.elf.dir/Drivers/STM32L0xx_HAL_Driver/Src/stm32l0xx_ll_rcc.c.obj
 .bss           0x0000000000000000        0x0 CMakeFiles/firmware.elf.dir/Drivers/STM32L0xx_HAL_Driver/Src/stm32l0xx_ll_rcc.c.obj
 .text.LL_RCC_DeInit
                0x0000000000000000       0xc4 CMakeFiles/firmware.elf.dir/Drivers/STM32L0xx_HAL_Driver/Src/stm32l0xx_ll_rcc.c.obj
 .text.LL_RCC_GetI2CClockFreq
                0x0000000000000000       0xc4 CMakeFiles/firmware.elf.dir/Drivers/STM32L0xx_HAL_Driver/Src/stm32l0xx_ll_rcc.c.obj
 .text.LL_RCC_GetLPUARTClockFreq
                0x0000000000000000       0x74 CMakeFiles/firmware.elf.dir/Drivers/STM32L0xx_HAL_Driver/Src/stm32l0xx_ll_rcc.c.obj
 .text.LL_RCC_GetLPTIMClockFreq
                0x0000000000000000       0x90 CMakeFiles/firmware.elf.dir/Drivers/STM32L0xx_HAL_Driver/Src/stm32l0xx_ll_rcc.c.obj
 .text.LL_RCC_GetUSBClockFreq
                0x0000000000000000       0x3c CMakeFiles/firmware.elf.dir/Drivers/STM32L0xx_HAL_Driver/Src/stm32l0xx_ll_rcc.c.obj
 .text          0x0000000000000000        0x0 CMakeFiles/firmware.elf.dir/Drivers/STM32L0xx_HAL_Driver/Src/stm32l0xx_ll_usart.c.obj
 .data          0x0000000000000000        0x0 CMakeFiles/firmware.elf.dir/Drivers/STM32L0xx_HAL_Driver/Src/stm32l0xx_ll_usart.c.obj
 .bss           0x0000000000000000        0x0 CMakeFiles/firmware.elf.dir/Drivers/STM32L0xx_HAL_Driver/Src/stm32l0xx_ll_usart.c.obj
 .text.LL_USART_DeInit
                0x0000000000000000       0xa0 CMakeFiles/firmware.elf.dir/Drivers/STM32L0xx_HAL_Driver/Src/stm32l0xx_ll_usart.c.obj
 .text.LL_USART_StructInit
                0x0000000000000000       0x18 CMakeFiles/firmware.elf.dir/Drivers/STM32L0xx_HAL_Driver/Src/stm32l0xx_ll_usart.c.obj
 .text.LL_USART_ClockInit
                0x0000000000000000       0x44 CMakeFiles/firmware.elf.dir/Drivers/STM32L0xx_HAL_Driver/Src/stm32l0xx_ll_usart.c.obj
 .text.LL_USART_ClockStructInit
                0x0000000000000000        0xc CMakeFiles/firmware.elf.dir/Drivers/STM32L0xx_HAL_Driver/Src/stm32l0xx_ll_usart.c.obj
 .text          0x0000000000000000        0x0 CMakeFiles/firmware.elf.dir/Drivers/STM32L0xx_HAL_Driver/Src/stm32l0xx_ll_utils.c.obj
 .data          0x0000000000000000        0x0 CMakeFiles/firmware.elf.dir/Drivers/STM32L0xx_HAL_Driver/Src/stm32l0xx_ll_utils.c.obj
 .bss           0x0000000000000000        0x0 CMakeFiles/firmware.elf.dir/Drivers/STM32L0xx_HAL_Driver/Src/stm32l0xx_ll_utils.c.obj
 .text.UTILS_GetPLLOutputFrequency
                0x0000000000000000       0x1c CMakeFiles/firmware.elf.dir/Drivers/STM32L0xx_HAL_Driver/Src/stm32l0xx_ll_utils.c.obj
 .text.UTILS_PLL_IsBusy
                0x0000000000000000       0x14 CMakeFiles/firmware.elf.dir/Drivers/STM32L0xx_HAL_Driver/Src/stm32l0xx_ll_utils.c.obj
 .text.LL_SetFlashLatency
                0x0000000000000000       0x9c CMakeFiles/firmware.elf.dir/Drivers/STM32L0xx_HAL_Driver/Src/stm32l0xx_ll_utils.c.obj
 .text.UTILS_EnablePLLAndSwitchSystem
                0x0000000000000000       0xb0 CMakeFiles/firmware.elf.dir/Drivers/STM32L0xx_HAL_Driver/Src/stm32l0xx_ll_utils.c.obj
 .text.LL_PLL_ConfigSystemClock_HSI
                0x0000000000000000       0x5c CMakeFiles/firmware.elf.dir/Drivers/STM32L0xx_HAL_Driver/Src/stm32l0xx_ll_utils.c.obj
 .text.LL_PLL_ConfigSystemClock_HSE
                0x0000000000000000       0x84 CMakeFiles/firmware.elf.dir/Drivers/STM32L0xx_HAL_Driver/Src/stm32l0xx_ll_utils.c.obj
 .data          0x0000000000000000        0x0 /Applications/ARM/bin/../lib/gcc/arm-none-eabi/10.3.1/thumb/v6-m/nofp/libgcc.a(_udivsi3.o)
 .bss           0x0000000000000000        0x0 /Applications/ARM/bin/../lib/gcc/arm-none-eabi/10.3.1/thumb/v6-m/nofp/libgcc.a(_udivsi3.o)
 .data          0x0000000000000000        0x0 /Applications/ARM/bin/../lib/gcc/arm-none-eabi/10.3.1/thumb/v6-m/nofp/libgcc.a(_dvmd_tls.o)
 .bss           0x0000000000000000        0x0 /Applications/ARM/bin/../lib/gcc/arm-none-eabi/10.3.1/thumb/v6-m/nofp/libgcc.a(_dvmd_tls.o)
 .text          0x0000000000000000        0x0 /Applications/ARM/bin/../lib/gcc/arm-none-eabi/10.3.1/../../../../arm-none-eabi/lib/thumb/v6-m/nofp/libg.a(lib_a-errno.o)
 .data          0x0000000000000000        0x0 /Applications/ARM/bin/../lib/gcc/arm-none-eabi/10.3.1/../../../../arm-none-eabi/lib/thumb/v6-m/nofp/libg.a(lib_a-errno.o)
 .bss           0x0000000000000000        0x0 /Applications/ARM/bin/../lib/gcc/arm-none-eabi/10.3.1/../../../../arm-none-eabi/lib/thumb/v6-m/nofp/libg.a(lib_a-errno.o)
 .text.__errno  0x0000000000000000        0xc /Applications/ARM/bin/../lib/gcc/arm-none-eabi/10.3.1/../../../../arm-none-eabi/lib/thumb/v6-m/nofp/libg.a(lib_a-errno.o)
 .debug_frame   0x0000000000000000       0x20 /Applications/ARM/bin/../lib/gcc/arm-none-eabi/10.3.1/../../../../arm-none-eabi/lib/thumb/v6-m/nofp/libg.a(lib_a-errno.o)
 .ARM.attributes
                0x0000000000000000       0x2c /Applications/ARM/bin/../lib/gcc/arm-none-eabi/10.3.1/../../../../arm-none-eabi/lib/thumb/v6-m/nofp/libg.a(lib_a-errno.o)
 .text          0x0000000000000000        0x0 /Applications/ARM/bin/../lib/gcc/arm-none-eabi/10.3.1/../../../../arm-none-eabi/lib/thumb/v6-m/nofp/libg.a(lib_a-exit.o)
 .data          0x0000000000000000        0x0 /Applications/ARM/bin/../lib/gcc/arm-none-eabi/10.3.1/../../../../arm-none-eabi/lib/thumb/v6-m/nofp/libg.a(lib_a-exit.o)
 .bss           0x0000000000000000        0x0 /Applications/ARM/bin/../lib/gcc/arm-none-eabi/10.3.1/../../../../arm-none-eabi/lib/thumb/v6-m/nofp/libg.a(lib_a-exit.o)
 .text.exit     0x0000000000000000       0x20 /Applications/ARM/bin/../lib/gcc/arm-none-eabi/10.3.1/../../../../arm-none-eabi/lib/thumb/v6-m/nofp/libg.a(lib_a-exit.o)
 .debug_frame   0x0000000000000000       0x28 /Applications/ARM/bin/../lib/gcc/arm-none-eabi/10.3.1/../../../../arm-none-eabi/lib/thumb/v6-m/nofp/libg.a(lib_a-exit.o)
 .ARM.attributes
                0x0000000000000000       0x2c /Applications/ARM/bin/../lib/gcc/arm-none-eabi/10.3.1/../../../../arm-none-eabi/lib/thumb/v6-m/nofp/libg.a(lib_a-exit.o)
 .text          0x0000000000000000        0x0 /Applications/ARM/bin/../lib/gcc/arm-none-eabi/10.3.1/../../../../arm-none-eabi/lib/thumb/v6-m/nofp/libg.a(lib_a-impure.o)
 .data          0x0000000000000000        0x0 /Applications/ARM/bin/../lib/gcc/arm-none-eabi/10.3.1/../../../../arm-none-eabi/lib/thumb/v6-m/nofp/libg.a(lib_a-impure.o)
 .bss           0x0000000000000000        0x0 /Applications/ARM/bin/../lib/gcc/arm-none-eabi/10.3.1/../../../../arm-none-eabi/lib/thumb/v6-m/nofp/libg.a(lib_a-impure.o)
 .data._impure_ptr
                0x0000000000000000        0x4 /Applications/ARM/bin/../lib/gcc/arm-none-eabi/10.3.1/../../../../arm-none-eabi/lib/thumb/v6-m/nofp/libg.a(lib_a-impure.o)
 .text          0x0000000000000000        0x0 /Applications/ARM/bin/../lib/gcc/arm-none-eabi/10.3.1/../../../../arm-none-eabi/lib/thumb/v6-m/nofp/libg.a(lib_a-init.o)
 .data          0x0000000000000000        0x0 /Applications/ARM/bin/../lib/gcc/arm-none-eabi/10.3.1/../../../../arm-none-eabi/lib/thumb/v6-m/nofp/libg.a(lib_a-init.o)
 .bss           0x0000000000000000        0x0 /Applications/ARM/bin/../lib/gcc/arm-none-eabi/10.3.1/../../../../arm-none-eabi/lib/thumb/v6-m/nofp/libg.a(lib_a-init.o)
 .text          0x0000000000000000        0x0 /Applications/ARM/bin/../lib/gcc/arm-none-eabi/10.3.1/../../../../arm-none-eabi/lib/thumb/v6-m/nofp/libg.a(lib_a-memset.o)
 .data          0x0000000000000000        0x0 /Applications/ARM/bin/../lib/gcc/arm-none-eabi/10.3.1/../../../../arm-none-eabi/lib/thumb/v6-m/nofp/libg.a(lib_a-memset.o)
 .bss           0x0000000000000000        0x0 /Applications/ARM/bin/../lib/gcc/arm-none-eabi/10.3.1/../../../../arm-none-eabi/lib/thumb/v6-m/nofp/libg.a(lib_a-memset.o)
 .text          0x0000000000000000        0x0 /Applications/ARM/bin/../lib/gcc/arm-none-eabi/10.3.1/../../../../arm-none-eabi/lib/thumb/v6-m/nofp/libg.a(lib_a-__call_atexit.o)
 .data          0x0000000000000000        0x0 /Applications/ARM/bin/../lib/gcc/arm-none-eabi/10.3.1/../../../../arm-none-eabi/lib/thumb/v6-m/nofp/libg.a(lib_a-__call_atexit.o)
 .bss           0x0000000000000000        0x0 /Applications/ARM/bin/../lib/gcc/arm-none-eabi/10.3.1/../../../../arm-none-eabi/lib/thumb/v6-m/nofp/libg.a(lib_a-__call_atexit.o)
 .text.__call_exitprocs
                0x0000000000000000       0xf8 /Applications/ARM/bin/../lib/gcc/arm-none-eabi/10.3.1/../../../../arm-none-eabi/lib/thumb/v6-m/nofp/libg.a(lib_a-__call_atexit.o)
 .text          0x0000000000000000        0x0 /Applications/ARM/bin/../lib/gcc/arm-none-eabi/10.3.1/../../../../arm-none-eabi/lib/thumb/v6-m/nofp/libg.a(lib_a-atexit.o)
 .data          0x0000000000000000        0x0 /Applications/ARM/bin/../lib/gcc/arm-none-eabi/10.3.1/../../../../arm-none-eabi/lib/thumb/v6-m/nofp/libg.a(lib_a-atexit.o)
 .bss           0x0000000000000000        0x0 /Applications/ARM/bin/../lib/gcc/arm-none-eabi/10.3.1/../../../../arm-none-eabi/lib/thumb/v6-m/nofp/libg.a(lib_a-atexit.o)
 .text          0x0000000000000000        0x0 /Applications/ARM/bin/../lib/gcc/arm-none-eabi/10.3.1/../../../../arm-none-eabi/lib/thumb/v6-m/nofp/libg.a(lib_a-fini.o)
 .data          0x0000000000000000        0x0 /Applications/ARM/bin/../lib/gcc/arm-none-eabi/10.3.1/../../../../arm-none-eabi/lib/thumb/v6-m/nofp/libg.a(lib_a-fini.o)
 .bss           0x0000000000000000        0x0 /Applications/ARM/bin/../lib/gcc/arm-none-eabi/10.3.1/../../../../arm-none-eabi/lib/thumb/v6-m/nofp/libg.a(lib_a-fini.o)
 .text          0x0000000000000000        0x0 /Applications/ARM/bin/../lib/gcc/arm-none-eabi/10.3.1/../../../../arm-none-eabi/lib/thumb/v6-m/nofp/libg.a(lib_a-lock.o)
 .data          0x0000000000000000        0x0 /Applications/ARM/bin/../lib/gcc/arm-none-eabi/10.3.1/../../../../arm-none-eabi/lib/thumb/v6-m/nofp/libg.a(lib_a-lock.o)
 .bss           0x0000000000000000        0x0 /Applications/ARM/bin/../lib/gcc/arm-none-eabi/10.3.1/../../../../arm-none-eabi/lib/thumb/v6-m/nofp/libg.a(lib_a-lock.o)
 .text.__retarget_lock_init
                0x0000000000000000        0x4 /Applications/ARM/bin/../lib/gcc/arm-none-eabi/10.3.1/../../../../arm-none-eabi/lib/thumb/v6-m/nofp/libg.a(lib_a-lock.o)
 .text.__retarget_lock_init_recursive
                0x0000000000000000        0x4 /Applications/ARM/bin/../lib/gcc/arm-none-eabi/10.3.1/../../../../arm-none-eabi/lib/thumb/v6-m/nofp/libg.a(lib_a-lock.o)
 .text.__retarget_lock_close
                0x0000000000000000        0x4 /Applications/ARM/bin/../lib/gcc/arm-none-eabi/10.3.1/../../../../arm-none-eabi/lib/thumb/v6-m/nofp/libg.a(lib_a-lock.o)
 .text.__retarget_lock_close_recursive
                0x0000000000000000        0x4 /Applications/ARM/bin/../lib/gcc/arm-none-eabi/10.3.1/../../../../arm-none-eabi/lib/thumb/v6-m/nofp/libg.a(lib_a-lock.o)
 .text.__retarget_lock_acquire
                0x0000000000000000        0x4 /Applications/ARM/bin/../lib/gcc/arm-none-eabi/10.3.1/../../../../arm-none-eabi/lib/thumb/v6-m/nofp/libg.a(lib_a-lock.o)
 .text.__retarget_lock_try_acquire
                0x0000000000000000        0x4 /Applications/ARM/bin/../lib/gcc/arm-none-eabi/10.3.1/../../../../arm-none-eabi/lib/thumb/v6-m/nofp/libg.a(lib_a-lock.o)
 .text.__retarget_lock_try_acquire_recursive
                0x0000000000000000        0x4 /Applications/ARM/bin/../lib/gcc/arm-none-eabi/10.3.1/../../../../arm-none-eabi/lib/thumb/v6-m/nofp/libg.a(lib_a-lock.o)
 .text.__retarget_lock_release
                0x0000000000000000        0x4 /Applications/ARM/bin/../lib/gcc/arm-none-eabi/10.3.1/../../../../arm-none-eabi/lib/thumb/v6-m/nofp/libg.a(lib_a-lock.o)
 .bss.__lock___arc4random_mutex
                0x0000000000000000        0x1 /Applications/ARM/bin/../lib/gcc/arm-none-eabi/10.3.1/../../../../arm-none-eabi/lib/thumb/v6-m/nofp/libg.a(lib_a-lock.o)
 .bss.__lock___at_quick_exit_mutex
                0x0000000000000000        0x1 /Applications/ARM/bin/../lib/gcc/arm-none-eabi/10.3.1/../../../../arm-none-eabi/lib/thumb/v6-m/nofp/libg.a(lib_a-lock.o)
 .bss.__lock___dd_hash_mutex
                0x0000000000000000        0x1 /Applications/ARM/bin/../lib/gcc/arm-none-eabi/10.3.1/../../../../arm-none-eabi/lib/thumb/v6-m/nofp/libg.a(lib_a-lock.o)
 .bss.__lock___env_recursive_mutex
                0x0000000000000000        0x1 /Applications/ARM/bin/../lib/gcc/arm-none-eabi/10.3.1/../../../../arm-none-eabi/lib/thumb/v6-m/nofp/libg.a(lib_a-lock.o)
 .bss.__lock___malloc_recursive_mutex
                0x0000000000000000        0x1 /Applications/ARM/bin/../lib/gcc/arm-none-eabi/10.3.1/../../../../arm-none-eabi/lib/thumb/v6-m/nofp/libg.a(lib_a-lock.o)
 .bss.__lock___sfp_recursive_mutex
                0x0000000000000000        0x1 /Applications/ARM/bin/../lib/gcc/arm-none-eabi/10.3.1/../../../../arm-none-eabi/lib/thumb/v6-m/nofp/libg.a(lib_a-lock.o)
 .bss.__lock___sinit_recursive_mutex
                0x0000000000000000        0x1 /Applications/ARM/bin/../lib/gcc/arm-none-eabi/10.3.1/../../../../arm-none-eabi/lib/thumb/v6-m/nofp/libg.a(lib_a-lock.o)
 .bss.__lock___tz_mutex
                0x0000000000000000        0x1 /Applications/ARM/bin/../lib/gcc/arm-none-eabi/10.3.1/../../../../arm-none-eabi/lib/thumb/v6-m/nofp/libg.a(lib_a-lock.o)
 .text          0x0000000000000000        0x0 /Applications/ARM/bin/../lib/gcc/arm-none-eabi/10.3.1/../../../../arm-none-eabi/lib/thumb/v6-m/nofp/libg.a(lib_a-__atexit.o)
 .data          0x0000000000000000        0x0 /Applications/ARM/bin/../lib/gcc/arm-none-eabi/10.3.1/../../../../arm-none-eabi/lib/thumb/v6-m/nofp/libg.a(lib_a-__atexit.o)
 .bss           0x0000000000000000        0x0 /Applications/ARM/bin/../lib/gcc/arm-none-eabi/10.3.1/../../../../arm-none-eabi/lib/thumb/v6-m/nofp/libg.a(lib_a-__atexit.o)
 .text          0x0000000000000000        0x0 /Applications/ARM/bin/../lib/gcc/arm-none-eabi/10.3.1/thumb/v6-m/nofp/crtend.o
 .data          0x0000000000000000        0x0 /Applications/ARM/bin/../lib/gcc/arm-none-eabi/10.3.1/thumb/v6-m/nofp/crtend.o
 .bss           0x0000000000000000        0x0 /Applications/ARM/bin/../lib/gcc/arm-none-eabi/10.3.1/thumb/v6-m/nofp/crtend.o
 .rodata        0x0000000000000000       0x24 /Applications/ARM/bin/../lib/gcc/arm-none-eabi/10.3.1/thumb/v6-m/nofp/crtend.o
 .eh_frame      0x0000000000000000        0x4 /Applications/ARM/bin/../lib/gcc/arm-none-eabi/10.3.1/thumb/v6-m/nofp/crtend.o
 .ARM.attributes
                0x0000000000000000       0x2c /Applications/ARM/bin/../lib/gcc/arm-none-eabi/10.3.1/thumb/v6-m/nofp/crtend.o
 .text          0x0000000000000000        0x0 /Applications/ARM/bin/../lib/gcc/arm-none-eabi/10.3.1/thumb/v6-m/nofp/crtn.o
 .data          0x0000000000000000        0x0 /Applications/ARM/bin/../lib/gcc/arm-none-eabi/10.3.1/thumb/v6-m/nofp/crtn.o
 .bss           0x0000000000000000        0x0 /Applications/ARM/bin/../lib/gcc/arm-none-eabi/10.3.1/thumb/v6-m/nofp/crtn.o

Memory Configuration

Name             Origin             Length             Attributes
RAM              0x0000000020000000 0x0000000000005000 xrw
FLASH            0x0000000008000000 0x0000000000030000 xr
*default*        0x0000000000000000 0xffffffffffffffff

Linker script and memory map

LOAD /Applications/ARM/bin/../lib/gcc/arm-none-eabi/10.3.1/thumb/v6-m/nofp/crti.o
LOAD /Applications/ARM/bin/../lib/gcc/arm-none-eabi/10.3.1/thumb/v6-m/nofp/crtbegin.o
LOAD /Applications/ARM/bin/../lib/gcc/arm-none-eabi/10.3.1/../../../../arm-none-eabi/lib/thumb/v6-m/nofp/crt0.o
LOAD CMakeFiles/firmware.elf.dir/Core/Src/main.c.obj
LOAD CMakeFiles/firmware.elf.dir/Core/Src/stm32l0xx_it.c.obj
LOAD CMakeFiles/firmware.elf.dir/Core/Src/syscalls.c.obj
LOAD CMakeFiles/firmware.elf.dir/Core/Src/sysmem.c.obj
LOAD CMakeFiles/firmware.elf.dir/Core/Src/system_stm32l0xx.c.obj
LOAD CMakeFiles/firmware.elf.dir/Core/Startup/startup_stm32l073rztx.s.obj
LOAD CMakeFiles/firmware.elf.dir/Drivers/STM32L0xx_HAL_Driver/Src/stm32l0xx_ll_dma.c.obj
LOAD CMakeFiles/firmware.elf.dir/Drivers/STM32L0xx_HAL_Driver/Src/stm32l0xx_ll_exti.c.obj
LOAD CMakeFiles/firmware.elf.dir/Drivers/STM32L0xx_HAL_Driver/Src/stm32l0xx_ll_gpio.c.obj
LOAD CMakeFiles/firmware.elf.dir/Drivers/STM32L0xx_HAL_Driver/Src/stm32l0xx_ll_i2c.c.obj
LOAD CMakeFiles/firmware.elf.dir/Drivers/STM32L0xx_HAL_Driver/Src/stm32l0xx_ll_pwr.c.obj
LOAD CMakeFiles/firmware.elf.dir/Drivers/STM32L0xx_HAL_Driver/Src/stm32l0xx_ll_rcc.c.obj
LOAD CMakeFiles/firmware.elf.dir/Drivers/STM32L0xx_HAL_Driver/Src/stm32l0xx_ll_usart.c.obj
LOAD CMakeFiles/firmware.elf.dir/Drivers/STM32L0xx_HAL_Driver/Src/stm32l0xx_ll_utils.c.obj
START GROUP
LOAD /Applications/ARM/bin/../lib/gcc/arm-none-eabi/10.3.1/thumb/v6-m/nofp/libgcc.a
LOAD /Applications/ARM/bin/../lib/gcc/arm-none-eabi/10.3.1/../../../../arm-none-eabi/lib/thumb/v6-m/nofp/libg.a
LOAD /Applications/ARM/bin/../lib/gcc/arm-none-eabi/10.3.1/../../../../arm-none-eabi/lib/thumb/v6-m/nofp/libc.a
END GROUP
LOAD /Applications/ARM/bin/../lib/gcc/arm-none-eabi/10.3.1/thumb/v6-m/nofp/crtend.o
LOAD /Applications/ARM/bin/../lib/gcc/arm-none-eabi/10.3.1/thumb/v6-m/nofp/crtn.o
                0x0000000020005000                _estack = (ORIGIN (RAM) + LENGTH (RAM))
                0x0000000000000200                _Min_Heap_Size = 0x200
                0x0000000000000400                _Min_Stack_Size = 0x400

.isr_vector     0x0000000008000000       0xc0
                0x0000000008000000                . = ALIGN (0x4)
 *(.isr_vector)
 .isr_vector    0x0000000008000000       0xc0 CMakeFiles/firmware.elf.dir/Core/Startup/startup_stm32l073rztx.s.obj
                0x0000000008000000                g_pfnVectors
                0x00000000080000c0                . = ALIGN (0x4)

.text           0x00000000080000c0      0xcc8
                0x00000000080000c0                . = ALIGN (0x4)
 *(.text)
 .text          0x00000000080000c0       0x48 /Applications/ARM/bin/../lib/gcc/arm-none-eabi/10.3.1/thumb/v6-m/nofp/crtbegin.o
 .text          0x0000000008000108      0x114 /Applications/ARM/bin/../lib/gcc/arm-none-eabi/10.3.1/thumb/v6-m/nofp/libgcc.a(_udivsi3.o)
                0x0000000008000108                __udivsi3
                0x0000000008000108                __aeabi_uidiv
                0x0000000008000214                __aeabi_uidivmod
 .text          0x000000000800021c        0x4 /Applications/ARM/bin/../lib/gcc/arm-none-eabi/10.3.1/thumb/v6-m/nofp/libgcc.a(_dvmd_tls.o)
                0x000000000800021c                __aeabi_ldiv0
                0x000000000800021c                __aeabi_idiv0
 *(.text*)
 .text.MX_GPIO_Init
                0x0000000008000220       0xc4 CMakeFiles/firmware.elf.dir/Core/Src/main.c.obj
 .text.MX_I2C1_Init
                0x00000000080002e4       0xf0 CMakeFiles/firmware.elf.dir/Core/Src/main.c.obj
 .text.MX_USART2_UART_Init
                0x00000000080003d4       0xc0 CMakeFiles/firmware.elf.dir/Core/Src/main.c.obj
 .text.SystemClock_Config
                0x0000000008000494       0xe4 CMakeFiles/firmware.elf.dir/Core/Src/main.c.obj
                0x0000000008000494                SystemClock_Config
 .text.main     0x0000000008000578       0x54 CMakeFiles/firmware.elf.dir/Core/Src/main.c.obj
                0x0000000008000578                main
 .text.NMI_Handler
                0x00000000080005cc        0x2 CMakeFiles/firmware.elf.dir/Core/Src/stm32l0xx_it.c.obj
                0x00000000080005cc                NMI_Handler
 .text.HardFault_Handler
                0x00000000080005ce        0x2 CMakeFiles/firmware.elf.dir/Core/Src/stm32l0xx_it.c.obj
                0x00000000080005ce                HardFault_Handler
 .text.SVC_Handler
                0x00000000080005d0        0x2 CMakeFiles/firmware.elf.dir/Core/Src/stm32l0xx_it.c.obj
                0x00000000080005d0                SVC_Handler
 .text.PendSV_Handler
                0x00000000080005d2        0x2 CMakeFiles/firmware.elf.dir/Core/Src/stm32l0xx_it.c.obj
                0x00000000080005d2                PendSV_Handler
 .text.SysTick_Handler
                0x00000000080005d4        0x2 CMakeFiles/firmware.elf.dir/Core/Src/stm32l0xx_it.c.obj
                0x00000000080005d4                SysTick_Handler
 .text.SystemInit
                0x00000000080005d6        0x2 CMakeFiles/firmware.elf.dir/Core/Src/system_stm32l0xx.c.obj
                0x00000000080005d6                SystemInit
 .text.Reset_Handler
                0x00000000080005d8       0x50 CMakeFiles/firmware.elf.dir/Core/Startup/startup_stm32l073rztx.s.obj
                0x00000000080005d8                Reset_Handler
 .text.Default_Handler
                0x0000000008000628        0x2 CMakeFiles/firmware.elf.dir/Core/Startup/startup_stm32l073rztx.s.obj
                0x0000000008000628                LPTIM1_IRQHandler
                0x0000000008000628                ADC1_COMP_IRQHandler
                0x0000000008000628                PVD_IRQHandler
                0x0000000008000628                I2C1_IRQHandler
                0x0000000008000628                RCC_CRS_IRQHandler
                0x0000000008000628                SPI1_IRQHandler
                0x0000000008000628                TIM6_DAC_IRQHandler
                0x0000000008000628                EXTI2_3_IRQHandler
                0x0000000008000628                I2C2_IRQHandler
                0x0000000008000628                RTC_IRQHandler
                0x0000000008000628                LCD_IRQHandler
                0x0000000008000628                DMA1_Channel4_5_6_7_IRQHandler
                0x0000000008000628                TIM3_IRQHandler
                0x0000000008000628                EXTI4_15_IRQHandler
                0x0000000008000628                DMA1_Channel1_IRQHandler
                0x0000000008000628                USART4_5_IRQHandler
                0x0000000008000628                Default_Handler
                0x0000000008000628                TIM22_IRQHandler
                0x0000000008000628                TIM7_IRQHandler
                0x0000000008000628                EXTI0_1_IRQHandler
                0x0000000008000628                USB_IRQHandler
                0x0000000008000628                I2C3_IRQHandler
                0x0000000008000628                SPI2_IRQHandler
                0x0000000008000628                TIM21_IRQHandler
                0x0000000008000628                WWDG_IRQHandler
                0x0000000008000628                TIM2_IRQHandler
                0x0000000008000628                DMA1_Channel2_3_IRQHandler
                0x0000000008000628                USART2_IRQHandler
                0x0000000008000628                FLASH_IRQHandler
                0x0000000008000628                USART1_IRQHandler
                0x0000000008000628                RNG_LPUART1_IRQHandler
                0x0000000008000628                TSC_IRQHandler
 *fill*         0x000000000800062a        0x2 
 .text.LL_EXTI_Init
                0x000000000800062c       0xc8 CMakeFiles/firmware.elf.dir/Drivers/STM32L0xx_HAL_Driver/Src/stm32l0xx_ll_exti.c.obj
                0x000000000800062c                LL_EXTI_Init
 .text.LL_GPIO_Init
                0x00000000080006f4       0xb0 CMakeFiles/firmware.elf.dir/Drivers/STM32L0xx_HAL_Driver/Src/stm32l0xx_ll_gpio.c.obj
                0x00000000080006f4                LL_GPIO_Init
 .text.LL_I2C_Init
                0x00000000080007a4       0x78 CMakeFiles/firmware.elf.dir/Drivers/STM32L0xx_HAL_Driver/Src/stm32l0xx_ll_i2c.c.obj
                0x00000000080007a4                LL_I2C_Init
 .text.RCC_GetHCLKClockFreq
                0x000000000800081c       0x1c CMakeFiles/firmware.elf.dir/Drivers/STM32L0xx_HAL_Driver/Src/stm32l0xx_ll_rcc.c.obj
 .text.RCC_GetPCLK1ClockFreq
                0x0000000008000838       0x1c CMakeFiles/firmware.elf.dir/Drivers/STM32L0xx_HAL_Driver/Src/stm32l0xx_ll_rcc.c.obj
 .text.RCC_GetPCLK2ClockFreq
                0x0000000008000854       0x1c CMakeFiles/firmware.elf.dir/Drivers/STM32L0xx_HAL_Driver/Src/stm32l0xx_ll_rcc.c.obj
 .text.RCC_PLL_GetFreqDomain_SYS
                0x0000000008000870       0x50 CMakeFiles/firmware.elf.dir/Drivers/STM32L0xx_HAL_Driver/Src/stm32l0xx_ll_rcc.c.obj
 .text.RCC_GetSystemClockFreq
                0x00000000080008c0       0x70 CMakeFiles/firmware.elf.dir/Drivers/STM32L0xx_HAL_Driver/Src/stm32l0xx_ll_rcc.c.obj
 .text.LL_RCC_GetSystemClocksFreq
                0x0000000008000930       0x20 CMakeFiles/firmware.elf.dir/Drivers/STM32L0xx_HAL_Driver/Src/stm32l0xx_ll_rcc.c.obj
                0x0000000008000930                LL_RCC_GetSystemClocksFreq
 .text.LL_RCC_GetUSARTClockFreq
                0x0000000008000950       0xf0 CMakeFiles/firmware.elf.dir/Drivers/STM32L0xx_HAL_Driver/Src/stm32l0xx_ll_rcc.c.obj
                0x0000000008000950                LL_RCC_GetUSARTClockFreq
 .text.LL_USART_Init
                0x0000000008000a40       0xec CMakeFiles/firmware.elf.dir/Drivers/STM32L0xx_HAL_Driver/Src/stm32l0xx_ll_usart.c.obj
                0x0000000008000a40                LL_USART_Init
 .text.LL_Init1msTick
                0x0000000008000b2c       0x20 CMakeFiles/firmware.elf.dir/Drivers/STM32L0xx_HAL_Driver/Src/stm32l0xx_ll_utils.c.obj
                0x0000000008000b2c                LL_Init1msTick
 .text.LL_mDelay
                0x0000000008000b4c       0x28 CMakeFiles/firmware.elf.dir/Drivers/STM32L0xx_HAL_Driver/Src/stm32l0xx_ll_utils.c.obj
                0x0000000008000b4c                LL_mDelay
 .text.LL_SetSystemCoreClock
                0x0000000008000b74        0xc CMakeFiles/firmware.elf.dir/Drivers/STM32L0xx_HAL_Driver/Src/stm32l0xx_ll_utils.c.obj
                0x0000000008000b74                LL_SetSystemCoreClock
 .text.__libc_init_array
                0x0000000008000b80       0x44 /Applications/ARM/bin/../lib/gcc/arm-none-eabi/10.3.1/../../../../arm-none-eabi/lib/thumb/v6-m/nofp/libg.a(lib_a-init.o)
                0x0000000008000b80                __libc_init_array
 .text.memset   0x0000000008000bc4       0xa8 /Applications/ARM/bin/../lib/gcc/arm-none-eabi/10.3.1/../../../../arm-none-eabi/lib/thumb/v6-m/nofp/libg.a(lib_a-memset.o)
                0x0000000008000bc4                memset
 .text.startup.register_fini
                0x0000000008000c6c       0x18 /Applications/ARM/bin/../lib/gcc/arm-none-eabi/10.3.1/../../../../arm-none-eabi/lib/thumb/v6-m/nofp/libg.a(lib_a-__call_atexit.o)
 .text.atexit   0x0000000008000c84       0x10 /Applications/ARM/bin/../lib/gcc/arm-none-eabi/10.3.1/../../../../arm-none-eabi/lib/thumb/v6-m/nofp/libg.a(lib_a-atexit.o)
                0x0000000008000c84                atexit
 .text.__libc_fini_array
                0x0000000008000c94       0x28 /Applications/ARM/bin/../lib/gcc/arm-none-eabi/10.3.1/../../../../arm-none-eabi/lib/thumb/v6-m/nofp/libg.a(lib_a-fini.o)
                0x0000000008000c94                __libc_fini_array
 .text.__retarget_lock_acquire_recursive
                0x0000000008000cbc        0x4 /Applications/ARM/bin/../lib/gcc/arm-none-eabi/10.3.1/../../../../arm-none-eabi/lib/thumb/v6-m/nofp/libg.a(lib_a-lock.o)
                0x0000000008000cbc                __retarget_lock_acquire_recursive
 .text.__retarget_lock_release_recursive
                0x0000000008000cc0        0x4 /Applications/ARM/bin/../lib/gcc/arm-none-eabi/10.3.1/../../../../arm-none-eabi/lib/thumb/v6-m/nofp/libg.a(lib_a-lock.o)
                0x0000000008000cc0                __retarget_lock_release_recursive
 .text.__register_exitproc
                0x0000000008000cc4       0xac /Applications/ARM/bin/../lib/gcc/arm-none-eabi/10.3.1/../../../../arm-none-eabi/lib/thumb/v6-m/nofp/libg.a(lib_a-__atexit.o)
                0x0000000008000cc4                __register_exitproc
 *(.glue_7)
 .glue_7        0x0000000008000d70        0x0 linker stubs
 *(.glue_7t)
 .glue_7t       0x0000000008000d70        0x0 linker stubs
 *(.eh_frame)
 .eh_frame      0x0000000008000d70        0x0 /Applications/ARM/bin/../lib/gcc/arm-none-eabi/10.3.1/thumb/v6-m/nofp/crtbegin.o
 *(.init)
 .init          0x0000000008000d70        0x4 /Applications/ARM/bin/../lib/gcc/arm-none-eabi/10.3.1/thumb/v6-m/nofp/crti.o
                0x0000000008000d70                _init
 .init          0x0000000008000d74        0x8 /Applications/ARM/bin/../lib/gcc/arm-none-eabi/10.3.1/thumb/v6-m/nofp/crtn.o
 *(.fini)
 .fini          0x0000000008000d7c        0x4 /Applications/ARM/bin/../lib/gcc/arm-none-eabi/10.3.1/thumb/v6-m/nofp/crti.o
                0x0000000008000d7c                _fini
 .fini          0x0000000008000d80        0x8 /Applications/ARM/bin/../lib/gcc/arm-none-eabi/10.3.1/thumb/v6-m/nofp/crtn.o
                0x0000000008000d88                . = ALIGN (0x4)
                0x0000000008000d88                _etext = .

.vfp11_veneer   0x0000000008000d88        0x0
 .vfp11_veneer  0x0000000008000d88        0x0 linker stubs

.v4_bx          0x0000000008000d88        0x0
 .v4_bx         0x0000000008000d88        0x0 linker stubs

.iplt           0x0000000008000d88        0x0
 .iplt          0x0000000008000d88        0x0 /Applications/ARM/bin/../lib/gcc/arm-none-eabi/10.3.1/thumb/v6-m/nofp/crtbegin.o

.rodata         0x0000000008000d88       0x28
                0x0000000008000d88                . = ALIGN (0x4)
 *(.rodata)
 *(.rodata*)
 .rodata.AHBPrescTable
                0x0000000008000d88       0x10 CMakeFiles/firmware.elf.dir/Core/Src/system_stm32l0xx.c.obj
                0x0000000008000d88                AHBPrescTable
 .rodata.APBPrescTable
                0x0000000008000d98        0x8 CMakeFiles/firmware.elf.dir/Core/Src/system_stm32l0xx.c.obj
                0x0000000008000d98                APBPrescTable
 .rodata.PLLMulTable
                0x0000000008000da0        0x9 CMakeFiles/firmware.elf.dir/Core/Src/system_stm32l0xx.c.obj
                0x0000000008000da0                PLLMulTable
 *fill*         0x0000000008000da9        0x3 
 .rodata._global_impure_ptr
                0x0000000008000dac        0x4 /Applications/ARM/bin/../lib/gcc/arm-none-eabi/10.3.1/../../../../arm-none-eabi/lib/thumb/v6-m/nofp/libg.a(lib_a-impure.o)
                0x0000000008000dac                _global_impure_ptr
                0x0000000008000db0                . = ALIGN (0x4)

.rel.dyn        0x0000000008000db0        0x0
 .rel.iplt      0x0000000008000db0        0x0 /Applications/ARM/bin/../lib/gcc/arm-none-eabi/10.3.1/thumb/v6-m/nofp/crtbegin.o

.ARM.extab      0x0000000008000db0        0x0
                0x0000000008000db0                . = ALIGN (0x4)
 *(.ARM.extab* .gnu.linkonce.armextab.*)
                0x0000000008000db0                . = ALIGN (0x4)

.ARM            0x0000000008000db0        0x0
                0x0000000008000db0                . = ALIGN (0x4)
                0x0000000008000db0                __exidx_start = .
 *(.ARM.exidx*)
                0x0000000008000db0                __exidx_end = .
                0x0000000008000db0                . = ALIGN (0x4)

.preinit_array  0x0000000008000db0        0x0
                0x0000000008000db0                . = ALIGN (0x4)
                0x0000000008000db0                PROVIDE (__preinit_array_start = .)
 *(.preinit_array*)
                0x0000000008000db0                PROVIDE (__preinit_array_end = .)
                0x0000000008000db0                . = ALIGN (0x4)

.init_array     0x0000000008000db0        0x8
                0x0000000008000db0                . = ALIGN (0x4)
                0x0000000008000db0                PROVIDE (__init_array_start = .)
 *(SORT_BY_NAME(.init_array.*))
 .init_array.00000
                0x0000000008000db0        0x4 /Applications/ARM/bin/../lib/gcc/arm-none-eabi/10.3.1/../../../../arm-none-eabi/lib/thumb/v6-m/nofp/libg.a(lib_a-__call_atexit.o)
 *(.init_array*)
 .init_array    0x0000000008000db4        0x4 /Applications/ARM/bin/../lib/gcc/arm-none-eabi/10.3.1/thumb/v6-m/nofp/crtbegin.o
                0x0000000008000db8                PROVIDE (__init_array_end = .)
                0x0000000008000db8                . = ALIGN (0x4)

.fini_array     0x0000000008000db8        0x4
                0x0000000008000db8                . = ALIGN (0x4)
                0x0000000008000db8                PROVIDE (__fini_array_start = .)
 *(SORT_BY_NAME(.fini_array.*))
 *(.fini_array*)
 .fini_array    0x0000000008000db8        0x4 /Applications/ARM/bin/../lib/gcc/arm-none-eabi/10.3.1/thumb/v6-m/nofp/crtbegin.o
                0x0000000008000dbc                PROVIDE (__fini_array_end = .)
                0x0000000008000dbc                . = ALIGN (0x4)
                0x0000000008000dbc                _sidata = LOADADDR (.data)

.data           0x0000000020000000      0x434 load address 0x0000000008000dbc
                0x0000000020000000                . = ALIGN (0x4)
                0x0000000020000000                _sdata = .
 *(.data)
 *(.data*)
 .data.SystemCoreClock
                0x0000000020000000        0x4 CMakeFiles/firmware.elf.dir/Core/Src/system_stm32l0xx.c.obj
                0x0000000020000000                SystemCoreClock
 *fill*         0x0000000020000004        0x4 
 .data.impure_data
                0x0000000020000008      0x428 /Applications/ARM/bin/../lib/gcc/arm-none-eabi/10.3.1/../../../../arm-none-eabi/lib/thumb/v6-m/nofp/libg.a(lib_a-impure.o)
 .data.__atexit_recursive_mutex
                0x0000000020000430        0x4 /Applications/ARM/bin/../lib/gcc/arm-none-eabi/10.3.1/../../../../arm-none-eabi/lib/thumb/v6-m/nofp/libg.a(lib_a-__call_atexit.o)
                0x0000000020000430                __atexit_recursive_mutex
 *(.RamFunc)
 *(.RamFunc*)
                0x0000000020000434                . = ALIGN (0x4)
                0x0000000020000434                _edata = .

.igot.plt       0x0000000020000434        0x0 load address 0x00000000080011f0
 .igot.plt      0x0000000020000434        0x0 /Applications/ARM/bin/../lib/gcc/arm-none-eabi/10.3.1/thumb/v6-m/nofp/crtbegin.o
                0x0000000020000434                . = ALIGN (0x4)

.bss            0x0000000020000434       0x20 load address 0x00000000080011f0
                0x0000000020000434                _sbss = .
                0x0000000020000434                __bss_start__ = _sbss
 *(.bss)
 .bss           0x0000000020000434       0x1c /Applications/ARM/bin/../lib/gcc/arm-none-eabi/10.3.1/thumb/v6-m/nofp/crtbegin.o
 *(.bss*)
 .bss.__lock___atexit_recursive_mutex
                0x0000000020000450        0x1 /Applications/ARM/bin/../lib/gcc/arm-none-eabi/10.3.1/../../../../arm-none-eabi/lib/thumb/v6-m/nofp/libg.a(lib_a-lock.o)
                0x0000000020000450                __lock___atexit_recursive_mutex
 *(COMMON)
                0x0000000020000454                . = ALIGN (0x4)
 *fill*         0x0000000020000451        0x3 
                0x0000000020000454                _ebss = .
                0x0000000020000454                __bss_end__ = _ebss

._user_heap_stack
                0x0000000020000454      0x604 load address 0x00000000080011f0
                0x0000000020000458                . = ALIGN (0x8)
 *fill*         0x0000000020000454        0x4 
                [!provide]                        PROVIDE (end = .)
                0x0000000020000458                PROVIDE (_end = .)
                0x0000000020000658                . = (. + _Min_Heap_Size)
 *fill*         0x0000000020000458      0x200 
                0x0000000020000a58                . = (. + _Min_Stack_Size)
 *fill*         0x0000000020000658      0x400 
                0x0000000020000a58                . = ALIGN (0x8)

/DISCARD/
 libc.a(*)
 libm.a(*)
 libgcc.a(*)

.ARM.attributes
                0x0000000000000000       0x28
 *(.ARM.attributes)
 .ARM.attributes
                0x0000000000000000       0x1e /Applications/ARM/bin/../lib/gcc/arm-none-eabi/10.3.1/thumb/v6-m/nofp/crti.o
 .ARM.attributes
                0x000000000000001e       0x2c /Applications/ARM/bin/../lib/gcc/arm-none-eabi/10.3.1/thumb/v6-m/nofp/crtbegin.o
 .ARM.attributes
                0x000000000000004a       0x2c CMakeFiles/firmware.elf.dir/Core/Src/main.c.obj
 .ARM.attributes
                0x0000000000000076       0x2c CMakeFiles/firmware.elf.dir/Core/Src/stm32l0xx_it.c.obj
 .ARM.attributes
                0x00000000000000a2       0x2c CMakeFiles/firmware.elf.dir/Core/Src/system_stm32l0xx.c.obj
 .ARM.attributes
                0x00000000000000ce       0x22 CMakeFiles/firmware.elf.dir/Core/Startup/startup_stm32l073rztx.s.obj
 .ARM.attributes
                0x00000000000000f0       0x2c CMakeFiles/firmware.elf.dir/Drivers/STM32L0xx_HAL_Driver/Src/stm32l0xx_ll_exti.c.obj
 .ARM.attributes
                0x000000000000011c       0x2c CMakeFiles/firmware.elf.dir/Drivers/STM32L0xx_HAL_Driver/Src/stm32l0xx_ll_gpio.c.obj
 .ARM.attributes
                0x0000000000000148       0x2c CMakeFiles/firmware.elf.dir/Drivers/STM32L0xx_HAL_Driver/Src/stm32l0xx_ll_i2c.c.obj
 .ARM.attributes
                0x0000000000000174       0x2c CMakeFiles/firmware.elf.dir/Drivers/STM32L0xx_HAL_Driver/Src/stm32l0xx_ll_rcc.c.obj
 .ARM.attributes
                0x00000000000001a0       0x2c CMakeFiles/firmware.elf.dir/Drivers/STM32L0xx_HAL_Driver/Src/stm32l0xx_ll_usart.c.obj
 .ARM.attributes
                0x00000000000001cc       0x2c CMakeFiles/firmware.elf.dir/Drivers/STM32L0xx_HAL_Driver/Src/stm32l0xx_ll_utils.c.obj
 .ARM.attributes
                0x00000000000001f8       0x1e /Applications/ARM/bin/../lib/gcc/arm-none-eabi/10.3.1/thumb/v6-m/nofp/libgcc.a(_udivsi3.o)
 .ARM.attributes
                0x0000000000000216       0x1e /Applications/ARM/bin/../lib/gcc/arm-none-eabi/10.3.1/thumb/v6-m/nofp/libgcc.a(_dvmd_tls.o)
 .ARM.attributes
                0x0000000000000234       0x2c /Applications/ARM/bin/../lib/gcc/arm-none-eabi/10.3.1/../../../../arm-none-eabi/lib/thumb/v6-m/nofp/libg.a(lib_a-impure.o)
 .ARM.attributes
                0x0000000000000260       0x2c /Applications/ARM/bin/../lib/gcc/arm-none-eabi/10.3.1/../../../../arm-none-eabi/lib/thumb/v6-m/nofp/libg.a(lib_a-init.o)
 .ARM.attributes
                0x000000000000028c       0x2c /Applications/ARM/bin/../lib/gcc/arm-none-eabi/10.3.1/../../../../arm-none-eabi/lib/thumb/v6-m/nofp/libg.a(lib_a-memset.o)
 .ARM.attributes
                0x00000000000002b8       0x2c /Applications/ARM/bin/../lib/gcc/arm-none-eabi/10.3.1/../../../../arm-none-eabi/lib/thumb/v6-m/nofp/libg.a(lib_a-__call_atexit.o)
 .ARM.attributes
                0x00000000000002e4       0x2c /Applications/ARM/bin/../lib/gcc/arm-none-eabi/10.3.1/../../../../arm-none-eabi/lib/thumb/v6-m/nofp/libg.a(lib_a-atexit.o)
 .ARM.attributes
                0x0000000000000310       0x2c /Applications/ARM/bin/../lib/gcc/arm-none-eabi/10.3.1/../../../../arm-none-eabi/lib/thumb/v6-m/nofp/libg.a(lib_a-fini.o)
 .ARM.attributes
                0x000000000000033c       0x2c /Applications/ARM/bin/../lib/gcc/arm-none-eabi/10.3.1/../../../../arm-none-eabi/lib/thumb/v6-m/nofp/libg.a(lib_a-lock.o)
 .ARM.attributes
                0x0000000000000368       0x2c /Applications/ARM/bin/../lib/gcc/arm-none-eabi/10.3.1/../../../../arm-none-eabi/lib/thumb/v6-m/nofp/libg.a(lib_a-__atexit.o)
 .ARM.attributes
                0x0000000000000394       0x1e /Applications/ARM/bin/../lib/gcc/arm-none-eabi/10.3.1/thumb/v6-m/nofp/crtn.o
OUTPUT(firmware.elf elf32-littlearm)
LOAD linker stubs
LOAD /Applications/ARM/bin/../lib/gcc/arm-none-eabi/10.3.1/../../../../arm-none-eabi/lib/thumb/v6-m/nofp/libc.a
LOAD /Applications/ARM/bin/../lib/gcc/arm-none-eabi/10.3.1/../../../../arm-none-eabi/lib/thumb/v6-m/nofp/libm.a
LOAD /Applications/ARM/bin/../lib/gcc/arm-none-eabi/10.3.1/thumb/v6-m/nofp/libgcc.a

.debug_info     0x0000000000000000     0x515b
 .debug_info    0x0000000000000000     0x14ee CMakeFiles/firmware.elf.dir/Core/Src/main.c.obj
 .debug_info    0x00000000000014ee      0x10c CMakeFiles/firmware.elf.dir/Core/Src/stm32l0xx_it.c.obj
 .debug_info    0x00000000000015fa      0x33b CMakeFiles/firmware.elf.dir/Core/Src/system_stm32l0xx.c.obj
 .debug_info    0x0000000000001935       0x22 CMakeFiles/firmware.elf.dir/Core/Startup/startup_stm32l073rztx.s.obj
 .debug_info    0x0000000000001957      0x51a CMakeFiles/firmware.elf.dir/Drivers/STM32L0xx_HAL_Driver/Src/stm32l0xx_ll_exti.c.obj
 .debug_info    0x0000000000001e71      0x88a CMakeFiles/firmware.elf.dir/Drivers/STM32L0xx_HAL_Driver/Src/stm32l0xx_ll_gpio.c.obj
 .debug_info    0x00000000000026fb      0x7de CMakeFiles/firmware.elf.dir/Drivers/STM32L0xx_HAL_Driver/Src/stm32l0xx_ll_i2c.c.obj
 .debug_info    0x0000000000002ed9      0xcfc CMakeFiles/firmware.elf.dir/Drivers/STM32L0xx_HAL_Driver/Src/stm32l0xx_ll_rcc.c.obj
 .debug_info    0x0000000000003bd5      0x974 CMakeFiles/firmware.elf.dir/Drivers/STM32L0xx_HAL_Driver/Src/stm32l0xx_ll_usart.c.obj
 .debug_info    0x0000000000004549      0xc12 CMakeFiles/firmware.elf.dir/Drivers/STM32L0xx_HAL_Driver/Src/stm32l0xx_ll_utils.c.obj

.debug_abbrev   0x0000000000000000     0x12ca
 .debug_abbrev  0x0000000000000000      0x2f8 CMakeFiles/firmware.elf.dir/Core/Src/main.c.obj
 .debug_abbrev  0x00000000000002f8       0x7d CMakeFiles/firmware.elf.dir/Core/Src/stm32l0xx_it.c.obj
 .debug_abbrev  0x0000000000000375      0x131 CMakeFiles/firmware.elf.dir/Core/Src/system_stm32l0xx.c.obj
 .debug_abbrev  0x00000000000004a6       0x12 CMakeFiles/firmware.elf.dir/Core/Startup/startup_stm32l073rztx.s.obj
 .debug_abbrev  0x00000000000004b8      0x1d7 CMakeFiles/firmware.elf.dir/Drivers/STM32L0xx_HAL_Driver/Src/stm32l0xx_ll_exti.c.obj
 .debug_abbrev  0x000000000000068f      0x211 CMakeFiles/firmware.elf.dir/Drivers/STM32L0xx_HAL_Driver/Src/stm32l0xx_ll_gpio.c.obj
 .debug_abbrev  0x00000000000008a0      0x1d8 CMakeFiles/firmware.elf.dir/Drivers/STM32L0xx_HAL_Driver/Src/stm32l0xx_ll_i2c.c.obj
 .debug_abbrev  0x0000000000000a78      0x2a1 CMakeFiles/firmware.elf.dir/Drivers/STM32L0xx_HAL_Driver/Src/stm32l0xx_ll_rcc.c.obj
 .debug_abbrev  0x0000000000000d19      0x2d0 CMakeFiles/firmware.elf.dir/Drivers/STM32L0xx_HAL_Driver/Src/stm32l0xx_ll_usart.c.obj
 .debug_abbrev  0x0000000000000fe9      0x2e1 CMakeFiles/firmware.elf.dir/Drivers/STM32L0xx_HAL_Driver/Src/stm32l0xx_ll_utils.c.obj

.debug_loc      0x0000000000000000     0x2219
 .debug_loc     0x0000000000000000      0x411 CMakeFiles/firmware.elf.dir/Core/Src/main.c.obj
 .debug_loc     0x0000000000000411      0x1ef CMakeFiles/firmware.elf.dir/Core/Src/system_stm32l0xx.c.obj
 .debug_loc     0x0000000000000600      0x28c CMakeFiles/firmware.elf.dir/Drivers/STM32L0xx_HAL_Driver/Src/stm32l0xx_ll_exti.c.obj
 .debug_loc     0x000000000000088c      0x41c CMakeFiles/firmware.elf.dir/Drivers/STM32L0xx_HAL_Driver/Src/stm32l0xx_ll_gpio.c.obj
 .debug_loc     0x0000000000000ca8      0x2d6 CMakeFiles/firmware.elf.dir/Drivers/STM32L0xx_HAL_Driver/Src/stm32l0xx_ll_i2c.c.obj
 .debug_loc     0x0000000000000f7e      0x65b CMakeFiles/firmware.elf.dir/Drivers/STM32L0xx_HAL_Driver/Src/stm32l0xx_ll_rcc.c.obj
 .debug_loc     0x00000000000015d9      0x5b0 CMakeFiles/firmware.elf.dir/Drivers/STM32L0xx_HAL_Driver/Src/stm32l0xx_ll_usart.c.obj
 .debug_loc     0x0000000000001b89      0x690 CMakeFiles/firmware.elf.dir/Drivers/STM32L0xx_HAL_Driver/Src/stm32l0xx_ll_utils.c.obj

.debug_aranges  0x0000000000000000      0x280
 .debug_aranges
                0x0000000000000000       0x48 CMakeFiles/firmware.elf.dir/Core/Src/main.c.obj
 .debug_aranges
                0x0000000000000048       0x40 CMakeFiles/firmware.elf.dir/Core/Src/stm32l0xx_it.c.obj
 .debug_aranges
                0x0000000000000088       0x28 CMakeFiles/firmware.elf.dir/Core/Src/system_stm32l0xx.c.obj
 .debug_aranges
                0x00000000000000b0       0x28 CMakeFiles/firmware.elf.dir/Core/Startup/startup_stm32l073rztx.s.obj
 .debug_aranges
                0x00000000000000d8       0x30 CMakeFiles/firmware.elf.dir/Drivers/STM32L0xx_HAL_Driver/Src/stm32l0xx_ll_exti.c.obj
 .debug_aranges
                0x0000000000000108       0x30 CMakeFiles/firmware.elf.dir/Drivers/STM32L0xx_HAL_Driver/Src/stm32l0xx_ll_gpio.c.obj
 .debug_aranges
                0x0000000000000138       0x30 CMakeFiles/firmware.elf.dir/Drivers/STM32L0xx_HAL_Driver/Src/stm32l0xx_ll_i2c.c.obj
 .debug_aranges
                0x0000000000000168       0x78 CMakeFiles/firmware.elf.dir/Drivers/STM32L0xx_HAL_Driver/Src/stm32l0xx_ll_rcc.c.obj
 .debug_aranges
                0x00000000000001e0       0x40 CMakeFiles/firmware.elf.dir/Drivers/STM32L0xx_HAL_Driver/Src/stm32l0xx_ll_usart.c.obj
 .debug_aranges
                0x0000000000000220       0x60 CMakeFiles/firmware.elf.dir/Drivers/STM32L0xx_HAL_Driver/Src/stm32l0xx_ll_utils.c.obj

.debug_ranges   0x0000000000000000      0x350
 .debug_ranges  0x0000000000000000       0x38 CMakeFiles/firmware.elf.dir/Core/Src/main.c.obj
 .debug_ranges  0x0000000000000038       0x30 CMakeFiles/firmware.elf.dir/Core/Src/stm32l0xx_it.c.obj
 .debug_ranges  0x0000000000000068       0x18 CMakeFiles/firmware.elf.dir/Core/Src/system_stm32l0xx.c.obj
 .debug_ranges  0x0000000000000080       0x20 CMakeFiles/firmware.elf.dir/Core/Startup/startup_stm32l073rztx.s.obj
 .debug_ranges  0x00000000000000a0       0x50 CMakeFiles/firmware.elf.dir/Drivers/STM32L0xx_HAL_Driver/Src/stm32l0xx_ll_exti.c.obj
 .debug_ranges  0x00000000000000f0       0x98 CMakeFiles/firmware.elf.dir/Drivers/STM32L0xx_HAL_Driver/Src/stm32l0xx_ll_gpio.c.obj
 .debug_ranges  0x0000000000000188       0x68 CMakeFiles/firmware.elf.dir/Drivers/STM32L0xx_HAL_Driver/Src/stm32l0xx_ll_i2c.c.obj
 .debug_ranges  0x00000000000001f0       0x68 CMakeFiles/firmware.elf.dir/Drivers/STM32L0xx_HAL_Driver/Src/stm32l0xx_ll_rcc.c.obj
 .debug_ranges  0x0000000000000258       0xa8 CMakeFiles/firmware.elf.dir/Drivers/STM32L0xx_HAL_Driver/Src/stm32l0xx_ll_usart.c.obj
 .debug_ranges  0x0000000000000300       0x50 CMakeFiles/firmware.elf.dir/Drivers/STM32L0xx_HAL_Driver/Src/stm32l0xx_ll_utils.c.obj

.debug_line     0x0000000000000000     0x325c
 .debug_line    0x0000000000000000      0x97c CMakeFiles/firmware.elf.dir/Core/Src/main.c.obj
 .debug_line    0x000000000000097c      0x1c5 CMakeFiles/firmware.elf.dir/Core/Src/stm32l0xx_it.c.obj
 .debug_line    0x0000000000000b41      0x26f CMakeFiles/firmware.elf.dir/Core/Src/system_stm32l0xx.c.obj
 .debug_line    0x0000000000000db0       0xb1 CMakeFiles/firmware.elf.dir/Core/Startup/startup_stm32l073rztx.s.obj
 .debug_line    0x0000000000000e61      0x3e8 CMakeFiles/firmware.elf.dir/Drivers/STM32L0xx_HAL_Driver/Src/stm32l0xx_ll_exti.c.obj
 .debug_line    0x0000000000001249      0x4e5 CMakeFiles/firmware.elf.dir/Drivers/STM32L0xx_HAL_Driver/Src/stm32l0xx_ll_gpio.c.obj
 .debug_line    0x000000000000172e      0x403 CMakeFiles/firmware.elf.dir/Drivers/STM32L0xx_HAL_Driver/Src/stm32l0xx_ll_i2c.c.obj
 .debug_line    0x0000000000001b31      0x9c3 CMakeFiles/firmware.elf.dir/Drivers/STM32L0xx_HAL_Driver/Src/stm32l0xx_ll_rcc.c.obj
 .debug_line    0x00000000000024f4      0x589 CMakeFiles/firmware.elf.dir/Drivers/STM32L0xx_HAL_Driver/Src/stm32l0xx_ll_usart.c.obj
 .debug_line    0x0000000000002a7d      0x7df CMakeFiles/firmware.elf.dir/Drivers/STM32L0xx_HAL_Driver/Src/stm32l0xx_ll_utils.c.obj

.debug_str      0x0000000000000000     0x1765
 .debug_str     0x0000000000000000      0x8c6 CMakeFiles/firmware.elf.dir/Core/Src/main.c.obj
                                        0x982 (size before relaxing)
 .debug_str     0x00000000000008c6       0x8c CMakeFiles/firmware.elf.dir/Core/Src/stm32l0xx_it.c.obj
                                        0x237 (size before relaxing)
 .debug_str     0x0000000000000952       0xbf CMakeFiles/firmware.elf.dir/Core/Src/system_stm32l0xx.c.obj
                                        0x313 (size before relaxing)
 .debug_str     0x0000000000000a11       0x5e CMakeFiles/firmware.elf.dir/Core/Startup/startup_stm32l073rztx.s.obj
                                         0x9b (size before relaxing)
 .debug_str     0x0000000000000a6f      0x1a5 CMakeFiles/firmware.elf.dir/Drivers/STM32L0xx_HAL_Driver/Src/stm32l0xx_ll_exti.c.obj
                                        0x3c4 (size before relaxing)
 .debug_str     0x0000000000000c14      0x11c CMakeFiles/firmware.elf.dir/Drivers/STM32L0xx_HAL_Driver/Src/stm32l0xx_ll_gpio.c.obj
                                        0x433 (size before relaxing)
 .debug_str     0x0000000000000d30      0x167 CMakeFiles/firmware.elf.dir/Drivers/STM32L0xx_HAL_Driver/Src/stm32l0xx_ll_i2c.c.obj
                                        0x484 (size before relaxing)
 .debug_str     0x0000000000000e97      0x475 CMakeFiles/firmware.elf.dir/Drivers/STM32L0xx_HAL_Driver/Src/stm32l0xx_ll_rcc.c.obj
                                        0x7a6 (size before relaxing)
 .debug_str     0x000000000000130c      0x1ef CMakeFiles/firmware.elf.dir/Drivers/STM32L0xx_HAL_Driver/Src/stm32l0xx_ll_usart.c.obj
                                        0x5d0 (size before relaxing)
 .debug_str     0x00000000000014fb      0x26a CMakeFiles/firmware.elf.dir/Drivers/STM32L0xx_HAL_Driver/Src/stm32l0xx_ll_utils.c.obj
                                        0x6f9 (size before relaxing)

.comment        0x0000000000000000       0x49
 .comment       0x0000000000000000       0x49 CMakeFiles/firmware.elf.dir/Core/Src/main.c.obj
                                         0x4a (size before relaxing)
 .comment       0x0000000000000049       0x4a CMakeFiles/firmware.elf.dir/Core/Src/stm32l0xx_it.c.obj
 .comment       0x0000000000000049       0x4a CMakeFiles/firmware.elf.dir/Core/Src/system_stm32l0xx.c.obj
 .comment       0x0000000000000049       0x4a CMakeFiles/firmware.elf.dir/Drivers/STM32L0xx_HAL_Driver/Src/stm32l0xx_ll_exti.c.obj
 .comment       0x0000000000000049       0x4a CMakeFiles/firmware.elf.dir/Drivers/STM32L0xx_HAL_Driver/Src/stm32l0xx_ll_gpio.c.obj
 .comment       0x0000000000000049       0x4a CMakeFiles/firmware.elf.dir/Drivers/STM32L0xx_HAL_Driver/Src/stm32l0xx_ll_i2c.c.obj
 .comment       0x0000000000000049       0x4a CMakeFiles/firmware.elf.dir/Drivers/STM32L0xx_HAL_Driver/Src/stm32l0xx_ll_rcc.c.obj
 .comment       0x0000000000000049       0x4a CMakeFiles/firmware.elf.dir/Drivers/STM32L0xx_HAL_Driver/Src/stm32l0xx_ll_usart.c.obj
 .comment       0x0000000000000049       0x4a CMakeFiles/firmware.elf.dir/Drivers/STM32L0xx_HAL_Driver/Src/stm32l0xx_ll_utils.c.obj

.debug_frame    0x0000000000000000      0x6b8
 .debug_frame   0x0000000000000000       0xc8 CMakeFiles/firmware.elf.dir/Core/Src/main.c.obj
 .debug_frame   0x00000000000000c8       0x60 CMakeFiles/firmware.elf.dir/Core/Src/stm32l0xx_it.c.obj
 .debug_frame   0x0000000000000128       0x38 CMakeFiles/firmware.elf.dir/Core/Src/system_stm32l0xx.c.obj
 .debug_frame   0x0000000000000160       0x48 CMakeFiles/firmware.elf.dir/Drivers/STM32L0xx_HAL_Driver/Src/stm32l0xx_ll_exti.c.obj
 .debug_frame   0x00000000000001a8       0x50 CMakeFiles/firmware.elf.dir/Drivers/STM32L0xx_HAL_Driver/Src/stm32l0xx_ll_gpio.c.obj
 .debug_frame   0x00000000000001f8       0x4c CMakeFiles/firmware.elf.dir/Drivers/STM32L0xx_HAL_Driver/Src/stm32l0xx_ll_i2c.c.obj
 .debug_frame   0x0000000000000244      0x114 CMakeFiles/firmware.elf.dir/Drivers/STM32L0xx_HAL_Driver/Src/stm32l0xx_ll_rcc.c.obj
 .debug_frame   0x0000000000000358       0x74 CMakeFiles/firmware.elf.dir/Drivers/STM32L0xx_HAL_Driver/Src/stm32l0xx_ll_usart.c.obj
 .debug_frame   0x00000000000003cc       0xdc CMakeFiles/firmware.elf.dir/Drivers/STM32L0xx_HAL_Driver/Src/stm32l0xx_ll_utils.c.obj
 .debug_frame   0x00000000000004a8       0x20 /Applications/ARM/bin/../lib/gcc/arm-none-eabi/10.3.1/thumb/v6-m/nofp/libgcc.a(_udivsi3.o)
 .debug_frame   0x00000000000004c8       0x2c /Applications/ARM/bin/../lib/gcc/arm-none-eabi/10.3.1/../../../../arm-none-eabi/lib/thumb/v6-m/nofp/libg.a(lib_a-init.o)
 .debug_frame   0x00000000000004f4       0x30 /Applications/ARM/bin/../lib/gcc/arm-none-eabi/10.3.1/../../../../arm-none-eabi/lib/thumb/v6-m/nofp/libg.a(lib_a-memset.o)
 .debug_frame   0x0000000000000524       0x54 /Applications/ARM/bin/../lib/gcc/arm-none-eabi/10.3.1/../../../../arm-none-eabi/lib/thumb/v6-m/nofp/libg.a(lib_a-__call_atexit.o)
 .debug_frame   0x0000000000000578       0x28 /Applications/ARM/bin/../lib/gcc/arm-none-eabi/10.3.1/../../../../arm-none-eabi/lib/thumb/v6-m/nofp/libg.a(lib_a-atexit.o)
 .debug_frame   0x00000000000005a0       0x2c /Applications/ARM/bin/../lib/gcc/arm-none-eabi/10.3.1/../../../../arm-none-eabi/lib/thumb/v6-m/nofp/libg.a(lib_a-fini.o)
 .debug_frame   0x00000000000005cc       0xb0 /Applications/ARM/bin/../lib/gcc/arm-none-eabi/10.3.1/../../../../arm-none-eabi/lib/thumb/v6-m/nofp/libg.a(lib_a-lock.o)
 .debug_frame   0x000000000000067c       0x3c /Applications/ARM/bin/../lib/gcc/arm-none-eabi/10.3.1/../../../../arm-none-eabi/lib/thumb/v6-m/nofp/libg.a(lib_a-__atexit.o)
